// Jest Snapshot v1, https://goo.gl/fbAQLP

exports[`it test the render Home page 1`] = `
<div
  className="quote"
>
  <h2>
    Welcome to my page!
  </h2>
  <p>
    This is my react app built to recreate a calculator. Try it!
  </p>
  <p>
    This page is part of the Projects in the Microverse Program.
  </p>
  <p>
    Visit My Github account to see more of my project
  </p>
  <a
    href="https://github.com/alejandrotoledoweb/react-calculator"
    rel="noreferrer"
    target="_blank"
  >
    Alejandro Toledo
  </a>
</div>
`;
